// Jest Snapshot v1, https://goo.gl/fbAQLP

exports[`GenreCard tests is a basic snapshot 1`] = `
<a
  class="px-2 py-6 rounded-2 h-[6.75rem] w-[9.75rem] bg-neutral-200 dark:bg-dark-neutral-300 text-neutral-1000 dark:text-dark-neutral-900 flex flex-col items-center relative after:absolute after:top-0 after:left-0 after:z-100 after:w-full after:h-full transition-colors duration-150 hover:bg-neutral-300 active:bg-neutral-400 dark:hover:bg-dark-neutral-400 dark:active:bg-dark-neutral-500  "
  href="/"
>
  <svg
    class="w-8 h-8 mb-2 fill-current"
    viewBox="0 0 32 32"
  >
    <use
      href="undefined#history"
    />
  </svg>
  <h3
    class="-tracking-[0.01em] text-200 leading-1 font-bold leading-2 text-center w-full truncate"
  >
    history
  </h3>
</a>
`;
